%!Adobe-FontList 1.20
%Locale:0x409

%BeginFont
Handler:DirectoryHandler
FontType:Invalid
OutlineFileName:C:\Users\user\Downloads\نمایشگاه\Font\Vazir-Medium.eot
FileModTime:1507784398
%EndFont

%BeginFont
Handler:DirectoryHandler
FontType:TrueType
FontName:Vazir-Medium
FamilyName:Vazir
StyleName:Medium
FullName:Vazir Medium
MenuName:Vazir
StyleBits:0
FamilyNameNative:Vazir
StyleNameNative:Medium
FullNameNative:Vazir Medium
WritingScript:Arabic
OutlineFileName:C:\Users\user\Downloads\نمایشگاه\Font\Vazir-Medium.ttf
DataFormat:sfntData
hasSVG:no
VariableFontType:NonVariableFont
FileLength:106896
FileModTime:1507784398
WeightClass:500
WidthClass:5
AngleClass:0
NameArray:0,Mac,4,Vazir Medium
NameArray:0,Win,1,Vazir
NameArray:0,Win,16,Vazir
%EndFont

%BeginFont
Handler:DirectoryHandler
FontType:Invalid
OutlineFileName:C:\Users\user\Downloads\نمایشگاه\Font\Vazir-Medium.woff
FileModTime:1507784398
%EndFont

%BeginFont
Handler:DirectoryHandler
FontType:Invalid
OutlineFileName:C:\Users\user\Downloads\نمایشگاه\Font\Vazir-Medium.woff2
FileModTime:1507784398
%EndFont

%BeginFont
Handler:DirectoryHandler
FontType:Invalid
OutlineFileName:C:\Users\user\Downloads\نمایشگاه\Font\vazir-font-v16.1.0\CHANGELOG.md
FileModTime:1507784402
%EndFont

%BeginFont
Handler:DirectoryHandler
FontType:Invalid
OutlineFileName:C:\Users\user\Downloads\نمایشگاه\Font\vazir-font-v16.1.0\LICENSE
FileModTime:1507784402
%EndFont

%BeginFont
Handler:DirectoryHandler
FontType:Invalid
OutlineFileName:C:\Users\user\Downloads\نمایشگاه\Font\vazir-font-v16.1.0\README.md
FileModTime:1507784402
%EndFont

%BeginFont
Handler:DirectoryHandler
FontType:Invalid
OutlineFileName:C:\Users\user\Downloads\نمایشگاه\Font\vazir-font-v16.1.0\Vazir-Bold.eot
FileModTime:1507784394
%EndFont

%BeginFont
Handler:DirectoryHandler
FontType:TrueType
FontName:Vazir-Bold
FamilyName:Vazir
StyleName:Bold
FullName:Vazir Bold
MenuName:Vazir
StyleBits:2
FamilyNameNative:Vazir
StyleNameNative:Bold
FullNameNative:Vazir Bold
WritingScript:Arabic
OutlineFileName:C:\Users\user\Downloads\نمایشگاه\Font\vazir-font-v16.1.0\Vazir-Bold.ttf
DataFormat:sfntData
hasSVG:no
VariableFontType:NonVariableFont
FileLength:90412
FileModTime:1507784394
WeightClass:700
WidthClass:5
AngleClass:0
NameArray:0,Mac,4,Vazir Bold
NameArray:0,Win,1,Vazir
NameArray:0,Win,16,Vazir
%EndFont

%BeginFont
Handler:DirectoryHandler
FontType:Invalid
OutlineFileName:C:\Users\user\Downloads\نمایشگاه\Font\vazir-font-v16.1.0\Vazir-Bold.woff
FileModTime:1507784394
%EndFont

%BeginFont
Handler:DirectoryHandler
FontType:Invalid
OutlineFileName:C:\Users\user\Downloads\نمایشگاه\Font\vazir-font-v16.1.0\Vazir-Bold.woff2
FileModTime:1507784394
%EndFont

%BeginFont
Handler:DirectoryHandler
FontType:Invalid
OutlineFileName:C:\Users\user\Downloads\نمایشگاه\Font\vazir-font-v16.1.0\Vazir-Light.eot
FileModTime:1507784396
%EndFont

%BeginFont
Handler:DirectoryHandler
FontType:TrueType
FontName:Vazir-Light
FamilyName:Vazir
StyleName:Light
FullName:Vazir Light
MenuName:Vazir
StyleBits:0
FamilyNameNative:Vazir
StyleNameNative:Light
FullNameNative:Vazir Light
WritingScript:Arabic
OutlineFileName:C:\Users\user\Downloads\نمایشگاه\Font\vazir-font-v16.1.0\Vazir-Light.ttf
DataFormat:sfntData
hasSVG:no
VariableFontType:NonVariableFont
FileLength:99836
FileModTime:1507784396
WeightClass:300
WidthClass:5
AngleClass:0
NameArray:0,Mac,4,Vazir Light
NameArray:0,Win,1,Vazir
NameArray:0,Win,16,Vazir
%EndFont

%BeginFont
Handler:DirectoryHandler
FontType:Invalid
OutlineFileName:C:\Users\user\Downloads\نمایشگاه\Font\vazir-font-v16.1.0\Vazir-Light.woff
FileModTime:1507784396
%EndFont

%BeginFont
Handler:DirectoryHandler
FontType:Invalid
OutlineFileName:C:\Users\user\Downloads\نمایشگاه\Font\vazir-font-v16.1.0\Vazir-Light.woff2
FileModTime:1507784396
%EndFont

%BeginFont
Handler:DirectoryHandler
FontType:Invalid
OutlineFileName:C:\Users\user\Downloads\نمایشگاه\Font\vazir-font-v16.1.0\Vazir-Medium.eot
FileModTime:1507784398
%EndFont

%BeginFont
Handler:DirectoryHandler
FontType:TrueType
FontName:Vazir-Medium
FamilyName:Vazir
StyleName:Medium
FullName:Vazir Medium
MenuName:Vazir
StyleBits:0
FamilyNameNative:Vazir
StyleNameNative:Medium
FullNameNative:Vazir Medium
WritingScript:Arabic
OutlineFileName:C:\Users\user\Downloads\نمایشگاه\Font\vazir-font-v16.1.0\Vazir-Medium.ttf
DataFormat:sfntData
hasSVG:no
VariableFontType:NonVariableFont
FileLength:106896
FileModTime:1507784398
WeightClass:500
WidthClass:5
AngleClass:0
NameArray:0,Mac,4,Vazir Medium
NameArray:0,Win,1,Vazir
NameArray:0,Win,16,Vazir
%EndFont

%BeginFont
Handler:DirectoryHandler
FontType:Invalid
OutlineFileName:C:\Users\user\Downloads\نمایشگاه\Font\vazir-font-v16.1.0\Vazir-Medium.woff
FileModTime:1507784398
%EndFont

%BeginFont
Handler:DirectoryHandler
FontType:Invalid
OutlineFileName:C:\Users\user\Downloads\نمایشگاه\Font\vazir-font-v16.1.0\Vazir-Medium.woff2
FileModTime:1507784398
%EndFont

%BeginFont
Handler:DirectoryHandler
FontType:Invalid
OutlineFileName:C:\Users\user\Downloads\نمایشگاه\Font\vazir-font-v16.1.0\Vazir-Thin.eot
FileModTime:1507784400
%EndFont

%BeginFont
Handler:DirectoryHandler
FontType:TrueType
FontName:Vazir-Thin
FamilyName:Vazir
StyleName:Thin
FullName:Vazir Thin
MenuName:Vazir
StyleBits:0
FamilyNameNative:Vazir
StyleNameNative:Thin
FullNameNative:Vazir Thin
WritingScript:Arabic
OutlineFileName:C:\Users\user\Downloads\نمایشگاه\Font\vazir-font-v16.1.0\Vazir-Thin.ttf
DataFormat:sfntData
hasSVG:no
VariableFontType:NonVariableFont
FileLength:88920
FileModTime:1507784400
WeightClass:100
WidthClass:5
AngleClass:0
NameArray:0,Mac,4,Vazir Thin
NameArray:0,Win,1,Vazir
NameArray:0,Win,16,Vazir
%EndFont

%BeginFont
Handler:DirectoryHandler
FontType:Invalid
OutlineFileName:C:\Users\user\Downloads\نمایشگاه\Font\vazir-font-v16.1.0\Vazir-Thin.woff
FileModTime:1507784400
%EndFont

%BeginFont
Handler:DirectoryHandler
FontType:Invalid
OutlineFileName:C:\Users\user\Downloads\نمایشگاه\Font\vazir-font-v16.1.0\Vazir-Thin.woff2
FileModTime:1507784400
%EndFont

%BeginFont
Handler:DirectoryHandler
FontType:Invalid
OutlineFileName:C:\Users\user\Downloads\نمایشگاه\Font\vazir-font-v16.1.0\Vazir.eot
FileModTime:1507784402
%EndFont

%BeginFont
Handler:DirectoryHandler
FontType:TrueType
FontName:Vazir
FamilyName:Vazir
StyleName:Regular
FullName:Vazir
MenuName:Vazir
StyleBits:0
FamilyNameNative:Vazir
StyleNameNative:Regular
FullNameNative:Vazir Regular
WritingScript:Arabic
OutlineFileName:C:\Users\user\Downloads\نمایشگاه\Font\vazir-font-v16.1.0\Vazir.ttf
DataFormat:sfntData
hasSVG:no
VariableFontType:NonVariableFont
FileLength:84096
FileModTime:1507784402
WeightClass:400
WidthClass:5
AngleClass:0
NameArray:0,Mac,4,Vazir
NameArray:0,Win,1,Vazir
NameArray:0,Win,16,Vazir
%EndFont

%BeginFont
Handler:DirectoryHandler
FontType:Invalid
OutlineFileName:C:\Users\user\Downloads\نمایشگاه\Font\vazir-font-v16.1.0\Vazir.woff
FileModTime:1507784402
%EndFont

%BeginFont
Handler:DirectoryHandler
FontType:Invalid
OutlineFileName:C:\Users\user\Downloads\نمایشگاه\Font\vazir-font-v16.1.0\Vazir.woff2
FileModTime:1507784402
%EndFont

%BeginFont
Handler:DirectoryHandler
FontType:Invalid
OutlineFileName:C:\Users\user\Downloads\نمایشگاه\Font\vazir-font-v16.1.0\Farsi-Digits-Without-Latin\Vazir-Bold-FD-WOL.eot
FileModTime:1507784394
%EndFont

%BeginFont
Handler:DirectoryHandler
FontType:TrueType
FontName:Vazir-Bold-FD-WOL
FamilyName:Vazir FD-WOL
StyleName:Bold
FullName:Vazir Bold FD-WOL
MenuName:Vazir FD-WOL
StyleBits:2
FamilyNameNative:Vazir FD-WOL
StyleNameNative:Bold
FullNameNative:Vazir FD-WOL Bold
WritingScript:Arabic
OutlineFileName:C:\Users\user\Downloads\نمایشگاه\Font\vazir-font-v16.1.0\Farsi-Digits-Without-Latin\Vazir-Bold-FD-WOL.ttf
DataFormat:sfntData
hasSVG:no
VariableFontType:NonVariableFont
FileLength:56432
FileModTime:1507784394
WeightClass:700
WidthClass:5
AngleClass:0
NameArray:0,Mac,4,Vazir Bold FD-WOL
NameArray:0,Win,1,Vazir FD-WOL
NameArray:0,Win,16,Vazir FD-WOL
%EndFont

%BeginFont
Handler:DirectoryHandler
FontType:Invalid
OutlineFileName:C:\Users\user\Downloads\نمایشگاه\Font\vazir-font-v16.1.0\Farsi-Digits-Without-Latin\Vazir-Bold-FD-WOL.woff
FileModTime:1507784394
%EndFont

%BeginFont
Handler:DirectoryHandler
FontType:Invalid
OutlineFileName:C:\Users\user\Downloads\نمایشگاه\Font\vazir-font-v16.1.0\Farsi-Digits-Without-Latin\Vazir-Bold-FD-WOL.woff2
FileModTime:1507784394
%EndFont

%BeginFont
Handler:DirectoryHandler
FontType:Invalid
OutlineFileName:C:\Users\user\Downloads\نمایشگاه\Font\vazir-font-v16.1.0\Farsi-Digits-Without-Latin\Vazir-FD-WOL.eot
FileModTime:1507784396
%EndFont

%BeginFont
Handler:DirectoryHandler
FontType:TrueType
FontName:Vazir-FD-WOL
FamilyName:Vazir FD-WOL
StyleName:Regular
FullName:Vazir FD-WOL
MenuName:Vazir FD-WOL
StyleBits:0
FamilyNameNative:Vazir FD-WOL
StyleNameNative:Regular
FullNameNative:Vazir FD-WOL Regular
WritingScript:Arabic
OutlineFileName:C:\Users\user\Downloads\نمایشگاه\Font\vazir-font-v16.1.0\Farsi-Digits-Without-Latin\Vazir-FD-WOL.ttf
DataFormat:sfntData
hasSVG:no
VariableFontType:NonVariableFont
FileLength:50388
FileModTime:1507784396
WeightClass:400
WidthClass:5
AngleClass:0
NameArray:0,Mac,4,Vazir FD-WOL
NameArray:0,Win,1,Vazir FD-WOL
NameArray:0,Win,16,Vazir FD-WOL
%EndFont

%BeginFont
Handler:DirectoryHandler
FontType:Invalid
OutlineFileName:C:\Users\user\Downloads\نمایشگاه\Font\vazir-font-v16.1.0\Farsi-Digits-Without-Latin\Vazir-FD-WOL.woff
FileModTime:1507784396
%EndFont

%BeginFont
Handler:DirectoryHandler
FontType:Invalid
OutlineFileName:C:\Users\user\Downloads\نمایشگاه\Font\vazir-font-v16.1.0\Farsi-Digits-Without-Latin\Vazir-FD-WOL.woff2
FileModTime:1507784396
%EndFont

%BeginFont
Handler:DirectoryHandler
FontType:Invalid
OutlineFileName:C:\Users\user\Downloads\نمایشگاه\Font\vazir-font-v16.1.0\Farsi-Digits-Without-Latin\Vazir-Light-FD-WOL.eot
FileModTime:1507784396
%EndFont

%BeginFont
Handler:DirectoryHandler
FontType:TrueType
FontName:Vazir-Light-FD-WOL
FamilyName:Vazir FD-WOL
StyleName:Light
FullName:Vazir Light FD-WOL
MenuName:Vazir FD-WOL
StyleBits:0
FamilyNameNative:Vazir FD-WOL
StyleNameNative:Light
FullNameNative:Vazir FD-WOL Light
WritingScript:Arabic
OutlineFileName:C:\Users\user\Downloads\نمایشگاه\Font\vazir-font-v16.1.0\Farsi-Digits-Without-Latin\Vazir-Light-FD-WOL.ttf
DataFormat:sfntData
hasSVG:no
VariableFontType:NonVariableFont
FileLength:53908
FileModTime:1507784396
WeightClass:300
WidthClass:5
AngleClass:0
NameArray:0,Mac,4,Vazir Light FD-WOL
NameArray:0,Win,1,Vazir FD-WOL
NameArray:0,Win,16,Vazir FD-WOL
%EndFont

%BeginFont
Handler:DirectoryHandler
FontType:Invalid
OutlineFileName:C:\Users\user\Downloads\نمایشگاه\Font\vazir-font-v16.1.0\Farsi-Digits-Without-Latin\Vazir-Light-FD-WOL.woff
FileModTime:1507784396
%EndFont

%BeginFont
Handler:DirectoryHandler
FontType:Invalid
OutlineFileName:C:\Users\user\Downloads\نمایشگاه\Font\vazir-font-v16.1.0\Farsi-Digits-Without-Latin\Vazir-Light-FD-WOL.woff2
FileModTime:1507784396
%EndFont

%BeginFont
Handler:DirectoryHandler
FontType:Invalid
OutlineFileName:C:\Users\user\Downloads\نمایشگاه\Font\vazir-font-v16.1.0\Farsi-Digits-Without-Latin\Vazir-Medium-FD-WOL.eot
FileModTime:1507784398
%EndFont

%BeginFont
Handler:DirectoryHandler
FontType:TrueType
FontName:Vazir-Medium-FD-WOL
FamilyName:Vazir FD-WOL
StyleName:Medium
FullName:Vazir Medium FD-WOL
MenuName:Vazir FD-WOL
StyleBits:0
FamilyNameNative:Vazir FD-WOL
StyleNameNative:Medium
FullNameNative:Vazir FD-WOL Medium
WritingScript:Arabic
OutlineFileName:C:\Users\user\Downloads\نمایشگاه\Font\vazir-font-v16.1.0\Farsi-Digits-Without-Latin\Vazir-Medium-FD-WOL.ttf
DataFormat:sfntData
hasSVG:no
VariableFontType:NonVariableFont
FileLength:55800
FileModTime:1507784398
WeightClass:500
WidthClass:5
AngleClass:0
NameArray:0,Mac,4,Vazir Medium FD-WOL
NameArray:0,Win,1,Vazir FD-WOL
NameArray:0,Win,16,Vazir FD-WOL
%EndFont

%BeginFont
Handler:DirectoryHandler
FontType:Invalid
OutlineFileName:C:\Users\user\Downloads\نمایشگاه\Font\vazir-font-v16.1.0\Farsi-Digits-Without-Latin\Vazir-Medium-FD-WOL.woff
FileModTime:1507784398
%EndFont

%BeginFont
Handler:DirectoryHandler
FontType:Invalid
OutlineFileName:C:\Users\user\Downloads\نمایشگاه\Font\vazir-font-v16.1.0\Farsi-Digits-Without-Latin\Vazir-Medium-FD-WOL.woff2
FileModTime:1507784398
%EndFont

%BeginFont
Handler:DirectoryHandler
FontType:Invalid
OutlineFileName:C:\Users\user\Downloads\نمایشگاه\Font\vazir-font-v16.1.0\Farsi-Digits-Without-Latin\Vazir-Thin-FD-WOL.eot
FileModTime:1507784400
%EndFont

%BeginFont
Handler:DirectoryHandler
FontType:TrueType
FontName:Vazir-Thin-FD-WOL
FamilyName:Vazir FD-WOL
StyleName:Thin
FullName:Vazir Thin FD-WOL
MenuName:Vazir FD-WOL
StyleBits:0
FamilyNameNative:Vazir FD-WOL
StyleNameNative:Thin
FullNameNative:Vazir FD-WOL Thin
WritingScript:Arabic
OutlineFileName:C:\Users\user\Downloads\نمایشگاه\Font\vazir-font-v16.1.0\Farsi-Digits-Without-Latin\Vazir-Thin-FD-WOL.ttf
DataFormat:sfntData
hasSVG:no
VariableFontType:NonVariableFont
FileLength:54292
FileModTime:1507784400
WeightClass:100
WidthClass:5
AngleClass:0
NameArray:0,Mac,4,Vazir Thin FD-WOL
NameArray:0,Win,1,Vazir FD-WOL
NameArray:0,Win,16,Vazir FD-WOL
%EndFont

%BeginFont
Handler:DirectoryHandler
FontType:Invalid
OutlineFileName:C:\Users\user\Downloads\نمایشگاه\Font\vazir-font-v16.1.0\Farsi-Digits-Without-Latin\Vazir-Thin-FD-WOL.woff
FileModTime:1507784400
%EndFont

%BeginFont
Handler:DirectoryHandler
FontType:Invalid
OutlineFileName:C:\Users\user\Downloads\نمایشگاه\Font\vazir-font-v16.1.0\Farsi-Digits-Without-Latin\Vazir-Thin-FD-WOL.woff2
FileModTime:1507784400
%EndFont

